// Jest Snapshot v1, https://goo.gl/fbAQLP

exports[`ButtonBox component Should match snapshot 1`] = `
<div
  className="btn-box"
>
  <Link
    className="btn btn-edit"
    to="/quotes/123/edit"
  >
    Edit
  </Link>
  <button
    className="btn btn-danger"
    onClick={[Function]}
  >
    Delete
  </button>
</div>
`;
