// Jest Snapshot v1, https://goo.gl/fbAQLP

exports[`GameInfo component Should match snapshot 1`] = `
<div
  className="game-info"
>
  <div
    className="info-elem"
  >
    <p>
      Lifes left: 
      <span />
    </p>
  </div>
  <div
    className="info-elem"
  >
    <p>
      Game Start Time: 
      <span>
        NaN : NaN : NaN
      </span>
    </p>
  </div>
  <div
    className="info-elem"
  >
    <p>
      State Of Game: 
      <span />
    </p>
  </div>
  <div
    className="info-elem"
  >
    <p>
      Time Left: 
      <span>
        0s
      </span>
    </p>
  </div>
</div>
`;
