// Jest Snapshot v1, https://goo.gl/fbAQLP

exports[`QuoteForm component Should match snapshot 1`] = `
<div
  className="form-handler"
>
  <Form
    className="add-edit-form"
  >
    <p
      className="label"
    >
      Quote:
       
      <span
        className="error"
      />
    </p>
    <FormikConnect(FieldInner)
      component="textarea"
      name="quote"
      placeholder="Write Quote"
    />
    <p
      className="label"
    >
      Quote Author:
      <span
        className="error"
      />
    </p>
    <FormikConnect(FieldInner)
      name="quoteAuthor"
      placeholder="Quote Author"
      type="text"
    />
    <p
      className="label"
    >
      Insertion Author:
      <span
        className="error"
      />
    </p>
    <FormikConnect(FieldInner)
      name="insertAuthor"
      placeholder="Insertion Author"
      type="text"
    />
    <p
      className="label"
    >
      Language:
      <span
        className="error"
      >
        lang
      </span>
    </p>
    <FormikConnect(FieldInner)
      name="lang"
      placeholder="Language"
      type="text"
    />
    <button
      className="btn"
      type="submit"
    >
      Submit quote
    </button>
    <button
      className="btn btn-info"
      onClick={[Function]}
    >
      Go back
    </button>
  </Form>
</div>
`;
