// Jest Snapshot v1, https://goo.gl/fbAQLP

exports[`SignForm component Should match snapshot 1`] = `
<Fragment>
  <Form
    className="add-edit-form"
  >
    <p
      className="label"
    >
      Username:
       
      <span
        className="error"
      >
        test
      </span>
    </p>
    <FormikConnect(FieldInner)
      name="username"
      placeholder="Write username"
    />
    <p
      className="label"
    >
      Password:
      <span
        className="error"
      >
        test
      </span>
    </p>
    <FormikConnect(FieldInner)
      name="password"
      placeholder="Write your password"
      type="password"
    />
    <button
      className="btn"
      type="submit"
    >
      Sign In
    </button>
    <p
      className="label"
      style={
        Object {
          "marginTop": "20px",
          "textAlign": "center",
          "width": "100%",
        }
      }
    >
      If You don't have an account please sign up:
    </p>
    <button
      className="btn"
      onClick={[Function]}
    >
      Sign Up
    </button>
  </Form>
</Fragment>
`;
